<?xml version="1.0" encoding="utf-8"?>
<TestRun id="66d4290f-5e60-4e71-b1fb-081b585de064" name="mamoreau@DEVOLUTIONS685 2026-07-30 17:02:09.9616633" xmlns="http://microsoft.com/schemas/VisualStudio/TeamTest/2010">
  <Times creation="2026-07-30T17:02:02.6777641Z" queuing="2026-07-30T17:02:02.6777641Z" start="2026-07-30T17:02:02.6777641Z" finish="2026-07-30T17:02:09.9620517Z" />
  <TestSettings name="default" id="3fd35853-eb4a-4a40-bfbe-161a1091dbda">
    <Deployment runDeploymentRoot="mamoreau_DEVOLUTIONS685_2026-07-30_17_02_09.9616633" />
  </TestSettings>
  <Results>
    <UnitTestResult executionId="a30adecc-dbe9-4ed1-a864-ed00f7341170" testId="250a38d8-4d66-bb52-e8aa-c653b1a77fc8" testName="Microsoft.EntityFrameworkCore.SqliteDatabaseCreatorTest.HasTables_returns_true_when_database_is_not_empty(async: False)" computerName="DEVOLUTIONS685" duration="00:00:00.7550989" startTime="2026-07-30T17:02:08.5648572+00:00" endTime="2026-07-30T17:02:09.3294241+00:00" testType="13CDC9D9-DDB5-4fa4-A97D-D965CCFC6D4B" outcome="Passed" testListId="8C84FA94-04C1-424b-9868-57A2D4851A1D" relativeResultsDirectory="a30adecc-dbe9-4ed1-a864-ed00f7341170" />
    <UnitTestResult executionId="b3b7eeea-0acd-4a9b-b636-91061950951e" testId="72a2531b-0b45-bf7c-41d6-bbc814ec3d18" testName="Microsoft.EntityFrameworkCore.SqliteDatabaseCreatorTest.HasTables_returns_true_when_database_is_not_empty(async: True)" computerName="DEVOLUTIONS685" duration="00:00:00.0138361" startTime="2026-07-30T17:02:09.3352267+00:00" endTime="2026-07-30T17:02:09.3491666+00:00" testType="13CDC9D9-DDB5-4fa4-A97D-D965CCFC6D4B" outcome="Passed" testListId="8C84FA94-04C1-424b-9868-57A2D4851A1D" relativeResultsDirectory="b3b7eeea-0acd-4a9b-b636-91061950951e" />
    <UnitTestResult executionId="39f96d0d-d454-43fb-8a86-89490c5d8d75" testId="76090bfb-c80f-3c3a-2b4e-a24a8f0f00f4" testName="Microsoft.EntityFrameworkCore.SqliteDatabaseCreatorTest.Exists_returns_true_when_memory(connectionString: &quot;Data Source=:memory:&quot;)" computerName="DEVOLUTIONS685" duration="00:00:00.0021943" startTime="2026-07-30T17:02:09.3515015+00:00" endTime="2026-07-30T17:02:09.3537539+00:00" testType="13CDC9D9-DDB5-4fa4-A97D-D965CCFC6D4B" outcome="Passed" testListId="8C84FA94-04C1-424b-9868-57A2D4851A1D" relativeResultsDirectory="39f96d0d-d454-43fb-8a86-89490c5d8d75" />
    <UnitTestResult executionId="3b9530d4-9d7e-479a-9b2b-f6ba3acda427" testId="0025c044-2513-fe0f-30da-5bc1c6ecfebc" testName="Microsoft.EntityFrameworkCore.SqliteDatabaseCreatorTest.Exists_returns_true_when_memory(connectionString: &quot;Data Source=exists-memory;Mode=Memory;Cache=Shared&quot;)" computerName="DEVOLUTIONS685" duration="00:00:00.0034204" startTime="2026-07-30T17:02:09.3538983+00:00" endTime="2026-07-30T17:02:09.3573457+00:00" testType="13CDC9D9-DDB5-4fa4-A97D-D965CCFC6D4B" outcome="Passed" testListId="8C84FA94-04C1-424b-9868-57A2D4851A1D" relativeResultsDirectory="3b9530d4-9d7e-479a-9b2b-f6ba3acda427" />
    <UnitTestResult executionId="8736118c-8db9-4637-acff-ce077310aa62" testId="b8bcc5ed-b8ad-831b-ee19-a3c83e0f9ded" testName="Microsoft.EntityFrameworkCore.SqliteDatabaseCreatorTest.Exists_returns_false_when_database_doesnt_exist(async: False, useCanConnect: True)" computerName="DEVOLUTIONS685" duration="00:00:00.0026951" startTime="2026-07-30T17:02:09.3576856+00:00" endTime="2026-07-30T17:02:09.3604185+00:00" testType="13CDC9D9-DDB5-4fa4-A97D-D965CCFC6D4B" outcome="Passed" testListId="8C84FA94-04C1-424b-9868-57A2D4851A1D" relativeResultsDirectory="8736118c-8db9-4637-acff-ce077310aa62" />
    <UnitTestResult executionId="7bebc20a-1068-4cb5-b7d3-4050399ab034" testId="ee8f10c7-95bd-217f-936c-2936fad4ac2e" testName="Microsoft.EntityFrameworkCore.SqliteDatabaseCreatorTest.Exists_returns_false_when_database_doesnt_exist(async: True, useCanConnect: False)" computerName="DEVOLUTIONS685" duration="00:00:00.0020534" startTime="2026-07-30T17:02:09.3604770+00:00" endTime="2026-07-30T17:02:09.3625606+00:00" testType="13CDC9D9-DDB5-4fa4-A97D-D965CCFC6D4B" outcome="Passed" testListId="8C84FA94-04C1-424b-9868-57A2D4851A1D" relativeResultsDirectory="7bebc20a-1068-4cb5-b7d3-4050399ab034" />
    <UnitTestResult executionId="e135847c-6e5d-411f-a828-4d904fa45eb1" testId="d5877f73-830f-9c07-62e2-8b28e8bda0eb" testName="Microsoft.EntityFrameworkCore.SqliteDatabaseCreatorTest.Exists_returns_false_when_database_doesnt_exist(async: False, useCanConnect: False)" computerName="DEVOLUTIONS685" duration="00:00:00.0019581" startTime="2026-07-30T17:02:09.3626163+00:00" endTime="2026-07-30T17:02:09.3645969+00:00" testType="13CDC9D9-DDB5-4fa4-A97D-D965CCFC6D4B" outcome="Passed" testListId="8C84FA94-04C1-424b-9868-57A2D4851A1D" relativeResultsDirectory="e135847c-6e5d-411f-a828-4d904fa45eb1" />
    <UnitTestResult executionId="a158dec3-1690-4089-b1f8-d2cf0ded67b7" testId="fb7e205a-165a-a1d9-fc82-0694ce21347f" testName="Microsoft.EntityFrameworkCore.SqliteDatabaseCreatorTest.Exists_returns_false_when_database_doesnt_exist(async: True, useCanConnect: True)" computerName="DEVOLUTIONS685" duration="00:00:00.0046283" startTime="2026-07-30T17:02:09.3646531+00:00" endTime="2026-07-30T17:02:09.3693157+00:00" testType="13CDC9D9-DDB5-4fa4-A97D-D965CCFC6D4B" outcome="Passed" testListId="8C84FA94-04C1-424b-9868-57A2D4851A1D" relativeResultsDirectory="a158dec3-1690-4089-b1f8-d2cf0ded67b7" />
    <UnitTestResult executionId="227815e6-1c58-4f6a-ac01-ad8b1e809da7" testId="d7515ee8-71c9-522f-9f63-d812678f6118" testName="Microsoft.EntityFrameworkCore.SqliteDatabaseCreatorTest.HasTables_returns_false_when_database_is_empty(async: True)" computerName="DEVOLUTIONS685" duration="00:00:00.0099379" startTime="2026-07-30T17:02:09.3694721+00:00" endTime="2026-07-30T17:02:09.3794536+00:00" testType="13CDC9D9-DDB5-4fa4-A97D-D965CCFC6D4B" outcome="Passed" testListId="8C84FA94-04C1-424b-9868-57A2D4851A1D" relativeResultsDirectory="227815e6-1c58-4f6a-ac01-ad8b1e809da7" />
    <UnitTestResult executionId="b42650a4-8481-4b65-8967-d59ba4ea44e2" testId="0690d8f8-8085-c2c0-459e-ad9a7e39ae69" testName="Microsoft.EntityFrameworkCore.SqliteDatabaseCreatorTest.HasTables_returns_false_when_database_is_empty(async: False)" computerName="DEVOLUTIONS685" duration="00:00:00.0061975" startTime="2026-07-30T17:02:09.3795492+00:00" endTime="2026-07-30T17:02:09.3857977+00:00" testType="13CDC9D9-DDB5-4fa4-A97D-D965CCFC6D4B" outcome="Passed" testListId="8C84FA94-04C1-424b-9868-57A2D4851A1D" relativeResultsDirectory="b42650a4-8481-4b65-8967-d59ba4ea44e2" />
    <UnitTestResult executionId="8f172c44-5def-46ad-90af-7f74f59484c4" testId="3bd7ab85-8f42-0212-ec37-d235ecac54b7" testName="Microsoft.EntityFrameworkCore.SqliteDatabaseCreatorTest.Exists_returns_true_when_database_exists(async: True, useCanConnect: True)" computerName="DEVOLUTIONS685" duration="00:00:00.0046256" startTime="2026-07-30T17:02:09.3860316+00:00" endTime="2026-07-30T17:02:09.3906948+00:00" testType="13CDC9D9-DDB5-4fa4-A97D-D965CCFC6D4B" outcome="Passed" testListId="8C84FA94-04C1-424b-9868-57A2D4851A1D" relativeResultsDirectory="8f172c44-5def-46ad-90af-7f74f59484c4" />
    <UnitTestResult executionId="ae04f786-b67a-40c5-b56e-abfcf74d3221" testId="c27cba6f-0fb4-7a4f-85bc-89d110f184ce" testName="Microsoft.EntityFrameworkCore.SqliteDatabaseCreatorTest.Exists_returns_true_when_database_exists(async: False, useCanConnect: True)" computerName="DEVOLUTIONS685" duration="00:00:00.0030002" startTime="2026-07-30T17:02:09.3907606+00:00" endTime="2026-07-30T17:02:09.3937903+00:00" testType="13CDC9D9-DDB5-4fa4-A97D-D965CCFC6D4B" outcome="Passed" testListId="8C84FA94-04C1-424b-9868-57A2D4851A1D" relativeResultsDirectory="ae04f786-b67a-40c5-b56e-abfcf74d3221" />
    <UnitTestResult executionId="0fc21f37-67eb-486d-a005-625f27e762ea" testId="02b5184e-a864-b4e6-ba95-77df541cbd7d" testName="Microsoft.EntityFrameworkCore.SqliteDatabaseCreatorTest.Exists_returns_true_when_database_exists(async: True, useCanConnect: False)" computerName="DEVOLUTIONS685" duration="00:00:00.0028433" startTime="2026-07-30T17:02:09.3938622+00:00" endTime="2026-07-30T17:02:09.3967349+00:00" testType="13CDC9D9-DDB5-4fa4-A97D-D965CCFC6D4B" outcome="Passed" testListId="8C84FA94-04C1-424b-9868-57A2D4851A1D" relativeResultsDirectory="0fc21f37-67eb-486d-a005-625f27e762ea" />
    <UnitTestResult executionId="f0a9cc02-9c23-4d85-bfaf-7c300f491334" testId="316d26ac-f550-2362-bfa4-ec57ed29f04b" testName="Microsoft.EntityFrameworkCore.SqliteDatabaseCreatorTest.Exists_returns_true_when_database_exists(async: False, useCanConnect: False)" computerName="DEVOLUTIONS685" duration="00:00:00.0027390" startTime="2026-07-30T17:02:09.3967969+00:00" endTime="2026-07-30T17:02:09.3995918+00:00" testType="13CDC9D9-DDB5-4fa4-A97D-D965CCFC6D4B" outcome="Passed" testListId="8C84FA94-04C1-424b-9868-57A2D4851A1D" relativeResultsDirectory="f0a9cc02-9c23-4d85-bfaf-7c300f491334" />
    <UnitTestResult executionId="f22c320b-3e48-4306-b1d2-dad5e27e7412" testId="6955b74b-49ba-c031-5363-7386cc2ef3c7" testName="Microsoft.EntityFrameworkCore.SqliteDatabaseCreatorTest.Delete_works_even_when_different_connection_exists_to_same_file(async: True)" computerName="DEVOLUTIONS685" duration="00:00:00.0216655" startTime="2026-07-30T17:02:09.3997527+00:00" endTime="2026-07-30T17:02:09.4214662+00:00" testType="13CDC9D9-DDB5-4fa4-A97D-D965CCFC6D4B" outcome="Passed" testListId="8C84FA94-04C1-424b-9868-57A2D4851A1D" relativeResultsDirectory="f22c320b-3e48-4306-b1d2-dad5e27e7412" />
    <UnitTestResult executionId="c9f75701-86d2-4f1f-bde5-e9694669ae5d" testId="251e045f-adf0-bb45-14de-3e26fbb24bb6" testName="Microsoft.EntityFrameworkCore.SqliteDatabaseCreatorTest.Delete_works_even_when_different_connection_exists_to_same_file(async: False)" computerName="DEVOLUTIONS685" duration="00:00:00.0442697" startTime="2026-07-30T17:02:09.4215679+00:00" endTime="2026-07-30T17:02:09.4658933+00:00" testType="13CDC9D9-DDB5-4fa4-A97D-D965CCFC6D4B" outcome="Passed" testListId="8C84FA94-04C1-424b-9868-57A2D4851A1D" relativeResultsDirectory="c9f75701-86d2-4f1f-bde5-e9694669ae5d" />
    <UnitTestResult executionId="5d0911fa-db4c-4f89-9921-7b59520a644e" testId="ee0c9e81-1935-3860-166a-c8e0a3e48200" testName="Microsoft.EntityFrameworkCore.SqliteDatabaseCreatorTest.Create_sets_journal_mode_to_wal(async: True)" computerName="DEVOLUTIONS685" duration="00:00:00.0072057" startTime="2026-07-30T17:02:09.4661260+00:00" endTime="2026-07-30T17:02:09.4733826+00:00" testType="13CDC9D9-DDB5-4fa4-A97D-D965CCFC6D4B" outcome="Passed" testListId="8C84FA94-04C1-424b-9868-57A2D4851A1D" relativeResultsDirectory="5d0911fa-db4c-4f89-9921-7b59520a644e" />
    <UnitTestResult executionId="f12760ac-e4b0-4496-aa3e-5b22d97dd0e7" testId="24dd9047-8d51-c4a8-1ff6-9351123f479a" testName="Microsoft.EntityFrameworkCore.SqliteDatabaseCreatorTest.Create_sets_journal_mode_to_wal(async: False)" computerName="DEVOLUTIONS685" duration="00:00:00.0045982" startTime="2026-07-30T17:02:09.4734877+00:00" endTime="2026-07-30T17:02:09.4781298+00:00" testType="13CDC9D9-DDB5-4fa4-A97D-D965CCFC6D4B" outcome="Passed" testListId="8C84FA94-04C1-424b-9868-57A2D4851A1D" relativeResultsDirectory="f12760ac-e4b0-4496-aa3e-5b22d97dd0e7" />
    <UnitTestResult executionId="a0fe7267-9bc1-464a-8aa6-886eabe0f11c" testId="3e2f7c48-60a4-f5f1-7376-04381ab5aa4f" testName="Microsoft.EntityFrameworkCore.SqliteDatabaseCreatorTest.Delete_works_for_in_memory_database(async: True)" computerName="DEVOLUTIONS685" duration="00:00:00.4307599" startTime="2026-07-30T17:02:09.4783476+00:00" endTime="2026-07-30T17:02:09.9091640+00:00" testType="13CDC9D9-DDB5-4fa4-A97D-D965CCFC6D4B" outcome="Passed" testListId="8C84FA94-04C1-424b-9868-57A2D4851A1D" relativeResultsDirectory="a0fe7267-9bc1-464a-8aa6-886eabe0f11c" />
    <UnitTestResult executionId="2b3a9aa6-50cd-4507-962d-ceac7043e0ec" testId="b06c0864-d171-8914-79c8-ab9157f01839" testName="Microsoft.EntityFrameworkCore.SqliteDatabaseCreatorTest.Delete_works_for_in_memory_database(async: False)" computerName="DEVOLUTIONS685" duration="00:00:00.0056532" startTime="2026-07-30T17:02:09.9092864+00:00" endTime="2026-07-30T17:02:09.9149723+00:00" testType="13CDC9D9-DDB5-4fa4-A97D-D965CCFC6D4B" outcome="Passed" testListId="8C84FA94-04C1-424b-9868-57A2D4851A1D" relativeResultsDirectory="2b3a9aa6-50cd-4507-962d-ceac7043e0ec" />
  </Results>
  <TestDefinitions>
    <UnitTest name="Microsoft.EntityFrameworkCore.SqliteDatabaseCreatorTest.HasTables_returns_true_when_database_is_not_empty(async: False)" storage="d:\dev\.copilot\copilot-worktrees\efcore\copilot-improved-parakeet\artifacts\bin\efcore.sqlite.functionaltests\debug\net11.0\microsoft.entityframeworkcore.sqlite.functionaltests.dll" id="250a38d8-4d66-bb52-e8aa-c653b1a77fc8">
      <Execution id="a30adecc-dbe9-4ed1-a864-ed00f7341170" />
      <TestMethod codeBase="D:\dev\.copilot\copilot-worktrees\efcore\copilot-improved-parakeet\artifacts\bin\EFCore.Sqlite.FunctionalTests\Debug\net11.0\Microsoft.EntityFrameworkCore.Sqlite.FunctionalTests.dll" adapterTypeName="executor://30ea7c6e-dd24-4152-a360-1387158cd41d/4.0.0" className="Microsoft.EntityFrameworkCore.SqliteDatabaseCreatorTest" name="HasTables_returns_true_when_database_is_not_empty" />
    </UnitTest>
    <UnitTest name="Microsoft.EntityFrameworkCore.SqliteDatabaseCreatorTest.HasTables_returns_true_when_database_is_not_empty(async: True)" storage="d:\dev\.copilot\copilot-worktrees\efcore\copilot-improved-parakeet\artifacts\bin\efcore.sqlite.functionaltests\debug\net11.0\microsoft.entityframeworkcore.sqlite.functionaltests.dll" id="72a2531b-0b45-bf7c-41d6-bbc814ec3d18">
      <Execution id="b3b7eeea-0acd-4a9b-b636-91061950951e" />
      <TestMethod codeBase="D:\dev\.copilot\copilot-worktrees\efcore\copilot-improved-parakeet\artifacts\bin\EFCore.Sqlite.FunctionalTests\Debug\net11.0\Microsoft.EntityFrameworkCore.Sqlite.FunctionalTests.dll" adapterTypeName="executor://30ea7c6e-dd24-4152-a360-1387158cd41d/4.0.0" className="Microsoft.EntityFrameworkCore.SqliteDatabaseCreatorTest" name="HasTables_returns_true_when_database_is_not_empty" />
    </UnitTest>
    <UnitTest name="Microsoft.EntityFrameworkCore.SqliteDatabaseCreatorTest.Exists_returns_true_when_memory(connectionString: &quot;Data Source=:memory:&quot;)" storage="d:\dev\.copilot\copilot-worktrees\efcore\copilot-improved-parakeet\artifacts\bin\efcore.sqlite.functionaltests\debug\net11.0\microsoft.entityframeworkcore.sqlite.functionaltests.dll" id="76090bfb-c80f-3c3a-2b4e-a24a8f0f00f4">
      <Execution id="39f96d0d-d454-43fb-8a86-89490c5d8d75" />
      <TestMethod codeBase="D:\dev\.copilot\copilot-worktrees\efcore\copilot-improved-parakeet\artifacts\bin\EFCore.Sqlite.FunctionalTests\Debug\net11.0\Microsoft.EntityFrameworkCore.Sqlite.FunctionalTests.dll" adapterTypeName="executor://30ea7c6e-dd24-4152-a360-1387158cd41d/4.0.0" className="Microsoft.EntityFrameworkCore.SqliteDatabaseCreatorTest" name="Exists_returns_true_when_memory" />
    </UnitTest>
    <UnitTest name="Microsoft.EntityFrameworkCore.SqliteDatabaseCreatorTest.Exists_returns_true_when_memory(connectionString: &quot;Data Source=exists-memory;Mode=Memory;Cache=Shared&quot;)" storage="d:\dev\.copilot\copilot-worktrees\efcore\copilot-improved-parakeet\artifacts\bin\efcore.sqlite.functionaltests\debug\net11.0\microsoft.entityframeworkcore.sqlite.functionaltests.dll" id="0025c044-2513-fe0f-30da-5bc1c6ecfebc">
      <Execution id="3b9530d4-9d7e-479a-9b2b-f6ba3acda427" />
      <TestMethod codeBase="D:\dev\.copilot\copilot-worktrees\efcore\copilot-improved-parakeet\artifacts\bin\EFCore.Sqlite.FunctionalTests\Debug\net11.0\Microsoft.EntityFrameworkCore.Sqlite.FunctionalTests.dll" adapterTypeName="executor://30ea7c6e-dd24-4152-a360-1387158cd41d/4.0.0" className="Microsoft.EntityFrameworkCore.SqliteDatabaseCreatorTest" name="Exists_returns_true_when_memory" />
    </UnitTest>
    <UnitTest name="Microsoft.EntityFrameworkCore.SqliteDatabaseCreatorTest.Exists_returns_false_when_database_doesnt_exist(async: False, useCanConnect: True)" storage="d:\dev\.copilot\copilot-worktrees\efcore\copilot-improved-parakeet\artifacts\bin\efcore.sqlite.functionaltests\debug\net11.0\microsoft.entityframeworkcore.sqlite.functionaltests.dll" id="b8bcc5ed-b8ad-831b-ee19-a3c83e0f9ded">
      <Execution id="8736118c-8db9-4637-acff-ce077310aa62" />
      <TestMethod codeBase="D:\dev\.copilot\copilot-worktrees\efcore\copilot-improved-parakeet\artifacts\bin\EFCore.Sqlite.FunctionalTests\Debug\net11.0\Microsoft.EntityFrameworkCore.Sqlite.FunctionalTests.dll" adapterTypeName="executor://30ea7c6e-dd24-4152-a360-1387158cd41d/4.0.0" className="Microsoft.EntityFrameworkCore.SqliteDatabaseCreatorTest" name="Exists_returns_false_when_database_doesnt_exist" />
    </UnitTest>
    <UnitTest name="Microsoft.EntityFrameworkCore.SqliteDatabaseCreatorTest.Exists_returns_false_when_database_doesnt_exist(async: True, useCanConnect: False)" storage="d:\dev\.copilot\copilot-worktrees\efcore\copilot-improved-parakeet\artifacts\bin\efcore.sqlite.functionaltests\debug\net11.0\microsoft.entityframeworkcore.sqlite.functionaltests.dll" id="ee8f10c7-95bd-217f-936c-2936fad4ac2e">
      <Execution id="7bebc20a-1068-4cb5-b7d3-4050399ab034" />
      <TestMethod codeBase="D:\dev\.copilot\copilot-worktrees\efcore\copilot-improved-parakeet\artifacts\bin\EFCore.Sqlite.FunctionalTests\Debug\net11.0\Microsoft.EntityFrameworkCore.Sqlite.FunctionalTests.dll" adapterTypeName="executor://30ea7c6e-dd24-4152-a360-1387158cd41d/4.0.0" className="Microsoft.EntityFrameworkCore.SqliteDatabaseCreatorTest" name="Exists_returns_false_when_database_doesnt_exist" />
    </UnitTest>
    <UnitTest name="Microsoft.EntityFrameworkCore.SqliteDatabaseCreatorTest.Exists_returns_false_when_database_doesnt_exist(async: False, useCanConnect: False)" storage="d:\dev\.copilot\copilot-worktrees\efcore\copilot-improved-parakeet\artifacts\bin\efcore.sqlite.functionaltests\debug\net11.0\microsoft.entityframeworkcore.sqlite.functionaltests.dll" id="d5877f73-830f-9c07-62e2-8b28e8bda0eb">
      <Execution id="e135847c-6e5d-411f-a828-4d904fa45eb1" />
      <TestMethod codeBase="D:\dev\.copilot\copilot-worktrees\efcore\copilot-improved-parakeet\artifacts\bin\EFCore.Sqlite.FunctionalTests\Debug\net11.0\Microsoft.EntityFrameworkCore.Sqlite.FunctionalTests.dll" adapterTypeName="executor://30ea7c6e-dd24-4152-a360-1387158cd41d/4.0.0" className="Microsoft.EntityFrameworkCore.SqliteDatabaseCreatorTest" name="Exists_returns_false_when_database_doesnt_exist" />
    </UnitTest>
    <UnitTest name="Microsoft.EntityFrameworkCore.SqliteDatabaseCreatorTest.Exists_returns_false_when_database_doesnt_exist(async: True, useCanConnect: True)" storage="d:\dev\.copilot\copilot-worktrees\efcore\copilot-improved-parakeet\artifacts\bin\efcore.sqlite.functionaltests\debug\net11.0\microsoft.entityframeworkcore.sqlite.functionaltests.dll" id="fb7e205a-165a-a1d9-fc82-0694ce21347f">
      <Execution id="a158dec3-1690-4089-b1f8-d2cf0ded67b7" />
      <TestMethod codeBase="D:\dev\.copilot\copilot-worktrees\efcore\copilot-improved-parakeet\artifacts\bin\EFCore.Sqlite.FunctionalTests\Debug\net11.0\Microsoft.EntityFrameworkCore.Sqlite.FunctionalTests.dll" adapterTypeName="executor://30ea7c6e-dd24-4152-a360-1387158cd41d/4.0.0" className="Microsoft.EntityFrameworkCore.SqliteDatabaseCreatorTest" name="Exists_returns_false_when_database_doesnt_exist" />
    </UnitTest>
    <UnitTest name="Microsoft.EntityFrameworkCore.SqliteDatabaseCreatorTest.HasTables_returns_false_when_database_is_empty(async: True)" storage="d:\dev\.copilot\copilot-worktrees\efcore\copilot-improved-parakeet\artifacts\bin\efcore.sqlite.functionaltests\debug\net11.0\microsoft.entityframeworkcore.sqlite.functionaltests.dll" id="d7515ee8-71c9-522f-9f63-d812678f6118">
      <Execution id="227815e6-1c58-4f6a-ac01-ad8b1e809da7" />
      <TestMethod codeBase="D:\dev\.copilot\copilot-worktrees\efcore\copilot-improved-parakeet\artifacts\bin\EFCore.Sqlite.FunctionalTests\Debug\net11.0\Microsoft.EntityFrameworkCore.Sqlite.FunctionalTests.dll" adapterTypeName="executor://30ea7c6e-dd24-4152-a360-1387158cd41d/4.0.0" className="Microsoft.EntityFrameworkCore.SqliteDatabaseCreatorTest" name="HasTables_returns_false_when_database_is_empty" />
    </UnitTest>
    <UnitTest name="Microsoft.EntityFrameworkCore.SqliteDatabaseCreatorTest.HasTables_returns_false_when_database_is_empty(async: False)" storage="d:\dev\.copilot\copilot-worktrees\efcore\copilot-improved-parakeet\artifacts\bin\efcore.sqlite.functionaltests\debug\net11.0\microsoft.entityframeworkcore.sqlite.functionaltests.dll" id="0690d8f8-8085-c2c0-459e-ad9a7e39ae69">
      <Execution id="b42650a4-8481-4b65-8967-d59ba4ea44e2" />
      <TestMethod codeBase="D:\dev\.copilot\copilot-worktrees\efcore\copilot-improved-parakeet\artifacts\bin\EFCore.Sqlite.FunctionalTests\Debug\net11.0\Microsoft.EntityFrameworkCore.Sqlite.FunctionalTests.dll" adapterTypeName="executor://30ea7c6e-dd24-4152-a360-1387158cd41d/4.0.0" className="Microsoft.EntityFrameworkCore.SqliteDatabaseCreatorTest" name="HasTables_returns_false_when_database_is_empty" />
    </UnitTest>
    <UnitTest name="Microsoft.EntityFrameworkCore.SqliteDatabaseCreatorTest.Exists_returns_true_when_database_exists(async: True, useCanConnect: True)" storage="d:\dev\.copilot\copilot-worktrees\efcore\copilot-improved-parakeet\artifacts\bin\efcore.sqlite.functionaltests\debug\net11.0\microsoft.entityframeworkcore.sqlite.functionaltests.dll" id="3bd7ab85-8f42-0212-ec37-d235ecac54b7">
      <Execution id="8f172c44-5def-46ad-90af-7f74f59484c4" />
      <TestMethod codeBase="D:\dev\.copilot\copilot-worktrees\efcore\copilot-improved-parakeet\artifacts\bin\EFCore.Sqlite.FunctionalTests\Debug\net11.0\Microsoft.EntityFrameworkCore.Sqlite.FunctionalTests.dll" adapterTypeName="executor://30ea7c6e-dd24-4152-a360-1387158cd41d/4.0.0" className="Microsoft.EntityFrameworkCore.SqliteDatabaseCreatorTest" name="Exists_returns_true_when_database_exists" />
    </UnitTest>
    <UnitTest name="Microsoft.EntityFrameworkCore.SqliteDatabaseCreatorTest.Exists_returns_true_when_database_exists(async: False, useCanConnect: True)" storage="d:\dev\.copilot\copilot-worktrees\efcore\copilot-improved-parakeet\artifacts\bin\efcore.sqlite.functionaltests\debug\net11.0\microsoft.entityframeworkcore.sqlite.functionaltests.dll" id="c27cba6f-0fb4-7a4f-85bc-89d110f184ce">
      <Execution id="ae04f786-b67a-40c5-b56e-abfcf74d3221" />
      <TestMethod codeBase="D:\dev\.copilot\copilot-worktrees\efcore\copilot-improved-parakeet\artifacts\bin\EFCore.Sqlite.FunctionalTests\Debug\net11.0\Microsoft.EntityFrameworkCore.Sqlite.FunctionalTests.dll" adapterTypeName="executor://30ea7c6e-dd24-4152-a360-1387158cd41d/4.0.0" className="Microsoft.EntityFrameworkCore.SqliteDatabaseCreatorTest" name="Exists_returns_true_when_database_exists" />
    </UnitTest>
    <UnitTest name="Microsoft.EntityFrameworkCore.SqliteDatabaseCreatorTest.Exists_returns_true_when_database_exists(async: True, useCanConnect: False)" storage="d:\dev\.copilot\copilot-worktrees\efcore\copilot-improved-parakeet\artifacts\bin\efcore.sqlite.functionaltests\debug\net11.0\microsoft.entityframeworkcore.sqlite.functionaltests.dll" id="02b5184e-a864-b4e6-ba95-77df541cbd7d">
      <Execution id="0fc21f37-67eb-486d-a005-625f27e762ea" />
      <TestMethod codeBase="D:\dev\.copilot\copilot-worktrees\efcore\copilot-improved-parakeet\artifacts\bin\EFCore.Sqlite.FunctionalTests\Debug\net11.0\Microsoft.EntityFrameworkCore.Sqlite.FunctionalTests.dll" adapterTypeName="executor://30ea7c6e-dd24-4152-a360-1387158cd41d/4.0.0" className="Microsoft.EntityFrameworkCore.SqliteDatabaseCreatorTest" name="Exists_returns_true_when_database_exists" />
    </UnitTest>
    <UnitTest name="Microsoft.EntityFrameworkCore.SqliteDatabaseCreatorTest.Exists_returns_true_when_database_exists(async: False, useCanConnect: False)" storage="d:\dev\.copilot\copilot-worktrees\efcore\copilot-improved-parakeet\artifacts\bin\efcore.sqlite.functionaltests\debug\net11.0\microsoft.entityframeworkcore.sqlite.functionaltests.dll" id="316d26ac-f550-2362-bfa4-ec57ed29f04b">
      <Execution id="f0a9cc02-9c23-4d85-bfaf-7c300f491334" />
      <TestMethod codeBase="D:\dev\.copilot\copilot-worktrees\efcore\copilot-improved-parakeet\artifacts\bin\EFCore.Sqlite.FunctionalTests\Debug\net11.0\Microsoft.EntityFrameworkCore.Sqlite.FunctionalTests.dll" adapterTypeName="executor://30ea7c6e-dd24-4152-a360-1387158cd41d/4.0.0" className="Microsoft.EntityFrameworkCore.SqliteDatabaseCreatorTest" name="Exists_returns_true_when_database_exists" />
    </UnitTest>
    <UnitTest name="Microsoft.EntityFrameworkCore.SqliteDatabaseCreatorTest.Delete_works_even_when_different_connection_exists_to_same_file(async: True)" storage="d:\dev\.copilot\copilot-worktrees\efcore\copilot-improved-parakeet\artifacts\bin\efcore.sqlite.functionaltests\debug\net11.0\microsoft.entityframeworkcore.sqlite.functionaltests.dll" id="6955b74b-49ba-c031-5363-7386cc2ef3c7">
      <Execution id="f22c320b-3e48-4306-b1d2-dad5e27e7412" />
      <TestMethod codeBase="D:\dev\.copilot\copilot-worktrees\efcore\copilot-improved-parakeet\artifacts\bin\EFCore.Sqlite.FunctionalTests\Debug\net11.0\Microsoft.EntityFrameworkCore.Sqlite.FunctionalTests.dll" adapterTypeName="executor://30ea7c6e-dd24-4152-a360-1387158cd41d/4.0.0" className="Microsoft.EntityFrameworkCore.SqliteDatabaseCreatorTest" name="Delete_works_even_when_different_connection_exists_to_same_file" />
    </UnitTest>
    <UnitTest name="Microsoft.EntityFrameworkCore.SqliteDatabaseCreatorTest.Delete_works_even_when_different_connection_exists_to_same_file(async: False)" storage="d:\dev\.copilot\copilot-worktrees\efcore\copilot-improved-parakeet\artifacts\bin\efcore.sqlite.functionaltests\debug\net11.0\microsoft.entityframeworkcore.sqlite.functionaltests.dll" id="251e045f-adf0-bb45-14de-3e26fbb24bb6">
      <Execution id="c9f75701-86d2-4f1f-bde5-e9694669ae5d" />
      <TestMethod codeBase="D:\dev\.copilot\copilot-worktrees\efcore\copilot-improved-parakeet\artifacts\bin\EFCore.Sqlite.FunctionalTests\Debug\net11.0\Microsoft.EntityFrameworkCore.Sqlite.FunctionalTests.dll" adapterTypeName="executor://30ea7c6e-dd24-4152-a360-1387158cd41d/4.0.0" className="Microsoft.EntityFrameworkCore.SqliteDatabaseCreatorTest" name="Delete_works_even_when_different_connection_exists_to_same_file" />
    </UnitTest>
    <UnitTest name="Microsoft.EntityFrameworkCore.SqliteDatabaseCreatorTest.Create_sets_journal_mode_to_wal(async: True)" storage="d:\dev\.copilot\copilot-worktrees\efcore\copilot-improved-parakeet\artifacts\bin\efcore.sqlite.functionaltests\debug\net11.0\microsoft.entityframeworkcore.sqlite.functionaltests.dll" id="ee0c9e81-1935-3860-166a-c8e0a3e48200">
      <Execution id="5d0911fa-db4c-4f89-9921-7b59520a644e" />
      <TestMethod codeBase="D:\dev\.copilot\copilot-worktrees\efcore\copilot-improved-parakeet\artifacts\bin\EFCore.Sqlite.FunctionalTests\Debug\net11.0\Microsoft.EntityFrameworkCore.Sqlite.FunctionalTests.dll" adapterTypeName="executor://30ea7c6e-dd24-4152-a360-1387158cd41d/4.0.0" className="Microsoft.EntityFrameworkCore.SqliteDatabaseCreatorTest" name="Create_sets_journal_mode_to_wal" />
    </UnitTest>
    <UnitTest name="Microsoft.EntityFrameworkCore.SqliteDatabaseCreatorTest.Create_sets_journal_mode_to_wal(async: False)" storage="d:\dev\.copilot\copilot-worktrees\efcore\copilot-improved-parakeet\artifacts\bin\efcore.sqlite.functionaltests\debug\net11.0\microsoft.entityframeworkcore.sqlite.functionaltests.dll" id="24dd9047-8d51-c4a8-1ff6-9351123f479a">
      <Execution id="f12760ac-e4b0-4496-aa3e-5b22d97dd0e7" />
      <TestMethod codeBase="D:\dev\.copilot\copilot-worktrees\efcore\copilot-improved-parakeet\artifacts\bin\EFCore.Sqlite.FunctionalTests\Debug\net11.0\Microsoft.EntityFrameworkCore.Sqlite.FunctionalTests.dll" adapterTypeName="executor://30ea7c6e-dd24-4152-a360-1387158cd41d/4.0.0" className="Microsoft.EntityFrameworkCore.SqliteDatabaseCreatorTest" name="Create_sets_journal_mode_to_wal" />
    </UnitTest>
    <UnitTest name="Microsoft.EntityFrameworkCore.SqliteDatabaseCreatorTest.Delete_works_for_in_memory_database(async: True)" storage="d:\dev\.copilot\copilot-worktrees\efcore\copilot-improved-parakeet\artifacts\bin\efcore.sqlite.functionaltests\debug\net11.0\microsoft.entityframeworkcore.sqlite.functionaltests.dll" id="3e2f7c48-60a4-f5f1-7376-04381ab5aa4f">
      <Execution id="a0fe7267-9bc1-464a-8aa6-886eabe0f11c" />
      <TestMethod codeBase="D:\dev\.copilot\copilot-worktrees\efcore\copilot-improved-parakeet\artifacts\bin\EFCore.Sqlite.FunctionalTests\Debug\net11.0\Microsoft.EntityFrameworkCore.Sqlite.FunctionalTests.dll" adapterTypeName="executor://30ea7c6e-dd24-4152-a360-1387158cd41d/4.0.0" className="Microsoft.EntityFrameworkCore.SqliteDatabaseCreatorTest" name="Delete_works_for_in_memory_database" />
    </UnitTest>
    <UnitTest name="Microsoft.EntityFrameworkCore.SqliteDatabaseCreatorTest.Delete_works_for_in_memory_database(async: False)" storage="d:\dev\.copilot\copilot-worktrees\efcore\copilot-improved-parakeet\artifacts\bin\efcore.sqlite.functionaltests\debug\net11.0\microsoft.entityframeworkcore.sqlite.functionaltests.dll" id="b06c0864-d171-8914-79c8-ab9157f01839">
      <Execution id="2b3a9aa6-50cd-4507-962d-ceac7043e0ec" />
      <TestMethod codeBase="D:\dev\.copilot\copilot-worktrees\efcore\copilot-improved-parakeet\artifacts\bin\EFCore.Sqlite.FunctionalTests\Debug\net11.0\Microsoft.EntityFrameworkCore.Sqlite.FunctionalTests.dll" adapterTypeName="executor://30ea7c6e-dd24-4152-a360-1387158cd41d/4.0.0" className="Microsoft.EntityFrameworkCore.SqliteDatabaseCreatorTest" name="Delete_works_for_in_memory_database" />
    </UnitTest>
  </TestDefinitions>
  <TestEntries>
    <TestEntry testId="250a38d8-4d66-bb52-e8aa-c653b1a77fc8" executionId="a30adecc-dbe9-4ed1-a864-ed00f7341170" testListId="8C84FA94-04C1-424b-9868-57A2D4851A1D" />
    <TestEntry testId="72a2531b-0b45-bf7c-41d6-bbc814ec3d18" executionId="b3b7eeea-0acd-4a9b-b636-91061950951e" testListId="8C84FA94-04C1-424b-9868-57A2D4851A1D" />
    <TestEntry testId="76090bfb-c80f-3c3a-2b4e-a24a8f0f00f4" executionId="39f96d0d-d454-43fb-8a86-89490c5d8d75" testListId="8C84FA94-04C1-424b-9868-57A2D4851A1D" />
    <TestEntry testId="0025c044-2513-fe0f-30da-5bc1c6ecfebc" executionId="3b9530d4-9d7e-479a-9b2b-f6ba3acda427" testListId="8C84FA94-04C1-424b-9868-57A2D4851A1D" />
    <TestEntry testId="b8bcc5ed-b8ad-831b-ee19-a3c83e0f9ded" executionId="8736118c-8db9-4637-acff-ce077310aa62" testListId="8C84FA94-04C1-424b-9868-57A2D4851A1D" />
    <TestEntry testId="ee8f10c7-95bd-217f-936c-2936fad4ac2e" executionId="7bebc20a-1068-4cb5-b7d3-4050399ab034" testListId="8C84FA94-04C1-424b-9868-57A2D4851A1D" />
    <TestEntry testId="d5877f73-830f-9c07-62e2-8b28e8bda0eb" executionId="e135847c-6e5d-411f-a828-4d904fa45eb1" testListId="8C84FA94-04C1-424b-9868-57A2D4851A1D" />
    <TestEntry testId="fb7e205a-165a-a1d9-fc82-0694ce21347f" executionId="a158dec3-1690-4089-b1f8-d2cf0ded67b7" testListId="8C84FA94-04C1-424b-9868-57A2D4851A1D" />
    <TestEntry testId="d7515ee8-71c9-522f-9f63-d812678f6118" executionId="227815e6-1c58-4f6a-ac01-ad8b1e809da7" testListId="8C84FA94-04C1-424b-9868-57A2D4851A1D" />
    <TestEntry testId="0690d8f8-8085-c2c0-459e-ad9a7e39ae69" executionId="b42650a4-8481-4b65-8967-d59ba4ea44e2" testListId="8C84FA94-04C1-424b-9868-57A2D4851A1D" />
    <TestEntry testId="3bd7ab85-8f42-0212-ec37-d235ecac54b7" executionId="8f172c44-5def-46ad-90af-7f74f59484c4" testListId="8C84FA94-04C1-424b-9868-57A2D4851A1D" />
    <TestEntry testId="c27cba6f-0fb4-7a4f-85bc-89d110f184ce" executionId="ae04f786-b67a-40c5-b56e-abfcf74d3221" testListId="8C84FA94-04C1-424b-9868-57A2D4851A1D" />
    <TestEntry testId="02b5184e-a864-b4e6-ba95-77df541cbd7d" executionId="0fc21f37-67eb-486d-a005-625f27e762ea" testListId="8C84FA94-04C1-424b-9868-57A2D4851A1D" />
    <TestEntry testId="316d26ac-f550-2362-bfa4-ec57ed29f04b" executionId="f0a9cc02-9c23-4d85-bfaf-7c300f491334" testListId="8C84FA94-04C1-424b-9868-57A2D4851A1D" />
    <TestEntry testId="6955b74b-49ba-c031-5363-7386cc2ef3c7" executionId="f22c320b-3e48-4306-b1d2-dad5e27e7412" testListId="8C84FA94-04C1-424b-9868-57A2D4851A1D" />
    <TestEntry testId="251e045f-adf0-bb45-14de-3e26fbb24bb6" executionId="c9f75701-86d2-4f1f-bde5-e9694669ae5d" testListId="8C84FA94-04C1-424b-9868-57A2D4851A1D" />
    <TestEntry testId="ee0c9e81-1935-3860-166a-c8e0a3e48200" executionId="5d0911fa-db4c-4f89-9921-7b59520a644e" testListId="8C84FA94-04C1-424b-9868-57A2D4851A1D" />
    <TestEntry testId="24dd9047-8d51-c4a8-1ff6-9351123f479a" executionId="f12760ac-e4b0-4496-aa3e-5b22d97dd0e7" testListId="8C84FA94-04C1-424b-9868-57A2D4851A1D" />
    <TestEntry testId="3e2f7c48-60a4-f5f1-7376-04381ab5aa4f" executionId="a0fe7267-9bc1-464a-8aa6-886eabe0f11c" testListId="8C84FA94-04C1-424b-9868-57A2D4851A1D" />
    <TestEntry testId="b06c0864-d171-8914-79c8-ab9157f01839" executionId="2b3a9aa6-50cd-4507-962d-ceac7043e0ec" testListId="8C84FA94-04C1-424b-9868-57A2D4851A1D" />
  </TestEntries>
  <TestLists>
    <TestList name="Results Not in a List" id="8C84FA94-04C1-424b-9868-57A2D4851A1D" />
    <TestList name="All Loaded Results" id="19431567-8539-422a-85d7-44ee4e166bda" />
  </TestLists>
  <ResultSummary outcome="Completed">
    <Counters total="20" executed="20" passed="20" failed="0" error="0" timeout="0" aborted="0" inconclusive="0" passedButRunAborted="0" notRunnable="0" notExecuted="0" disconnected="0" warning="0" completed="0" inProgress="0" pending="0" />
  </ResultSummary>
</TestRun>